
> mermaid-export-pro@1.0.6 test:integration
> node ./scripts/test-integration.js

node.exe : - Resolving version...
At C:\Program Files\nodejs\npm.ps1:29 char:3
+   & $NODE_EXE $NPM_CLI_JS $args
+   ~~~~~~~~~~~~~~~~~~~~~~~~~~~~~
    + CategoryInfo          : NotSpecified: (- Resolving version...:String) [], RemoteException
    + FullyQualifiedErrorId : NativeCommandError
 
Ô£ö Validated version: 1.105.0
Ô£ö Found existing install in C:\Users\delir\Documents\repos\vscode-mermaid-export-pro\mermaid-export-pro\.vscode-te
st\vscode-win32-x64-archive-1.105.0

[main 2025-10-11T18:59:04.565Z] update#setState disabled
[main 2025-10-11T18:59:04.567Z] update#ctor - updates are disabled by the environment
[main 2025-10-11T18:59:04.618Z] Error: Error mutex already exists
    at Mu.S (file:///C:/Users/delir/Documents/repos/vscode-mermaid-export-pro/mermaid-export-pro/.vscode-test/vscode
-win32-x64-archive-1.105.0/resources/app/out/main.js:128:18399)
ChatSessionStore: Migrating 0 chat sessions from storage service to file system
Started local extension host with pid 50744.
Started initializing default profile extensions in extensions installation folder. file:///c%3A/Users/delir/AppData/Local/Temp/vscode-user-data-V8VYsR/extensions
MCP Registry configured: https://api.mcp.github.com/2025-09-15
Completed initializing default profile extensions in extensions installation folder. file:///c%3A/Users/delir/AppData/Local/Temp/vscode-user-data-V8VYsR/extensions
Loading development extension at c:\Users\delir\Documents\repos\vscode-mermaid-export-pro\mermaid-export-pro
Settings Sync: Account status changed from uninitialized to unavailable
[mermaidExportPro] Activating extension...
[mermaidExportPro] StatusBarManager constructed
[mermaidExportPro] StatusBarManager initial checkStrategyStatus()
[mermaidExportPro] StatusBarManager initial updateVisibility()
[mermaidExportPro] registering commands
[mermaidExportPro] commands registered
[mermaidExportPro] registering providers
[mermaidExportPro] MermaidCodeLensProvider constructed
[mermaidExportPro] MermaidHoverProvider constructed
[mermaidExportPro] providers registered
[0m[0m
[0m  Extension Integration Tests[0m
  [32m  Ô£ö[0m[90m Extension should be present[0m
  [32m  Ô£ö[0m[90m should activate extension[0m
  [32m  Ô£ö[0m[90m should register export commands[0m
[0m  Export Strategies E2E Tests[0m
[0m    TC-E2E-007: Single File Export[0m
[DEBUG exportCommand] Starting export command...
[DEBUG exportCommand] preferAuto: false
[DEBUG exportCommand] Checking preferAuto flag: false
[DEBUG exportCommand] preferAuto=false, showing save dialog...
[DialogService] getDialogService() called, returning: DialogService
[DEBUG getOutputPath] dialogService: DialogService
[DEBUG getOutputPath] Calling showSaveDialog with defaultUri: c:\Users\delir\AppData\Local\Temp\mermaid-e2e-single-export-pPyNNM\test-diagram.svg
[DEBUG getOutputPath] showSaveDialog result: undefined
[main 2025-10-11T18:59:20.000Z] Extension host with pid 50744 exited with code: 0, signal: unknown.
Exit code:   1
Integration tests failed: Test run failed with code 1
